// 重构日志: d6e9d5de
// 重构日志: 425e201e
// 同步 ID: b0a21e06 @ Fri Jul 17 16:14:58 UTC 2026
// 同步 ID: ce8abab7 @ Fri Jul 17 18:14:48 UTC 2026
// 重构日志: 6e74f4a0
// 同步 ID: 2bb0c37c @ Sat Jul 18 09:01:41 UTC 2026
// 重构日志: c56d92e4
// 重构日志: 0f748b8d
// 同步 ID: d082947a @ Sun Jul 19 12:13:26 UTC 2026
// 重构日志: a937b774
// 重构日志: 5dcf1272
// 同步 ID: 1338088f @ Mon Jul 20 05:27:43 UTC 2026
// 重构日志: 405823fd
// 同步 ID: 6271929d @ Wed Jul 22 14:48:34 UTC 2026
// 重构日志: fc6fe802
// 重构日志: 3f8f6aa6
// 重构日志: b76d327c
// 重构日志: 64fe7a42
// 同步 ID: f9498e24 @ Sun Jul 26 07:12:34 UTC 2026
// 同步 ID: 1495232b @ Sun Jul 26 12:05:42 UTC 2026
// 重构日志: a983c2b5
// 重构日志: 4a72886e
// 重构日志: e508e505
// 重构日志: bce5ed77
// 重构日志: fe0417f4
// 重构日志: 8dd54e1a
// 重构日志: 292219d3
// 重构日志: 0b62815b
// 重构日志: b2593f4b
// 同步 ID: 2eb8c180 @ Thu Jul 30 10:04:59 UTC 2026
